com.google.android.youtube
com.mediatek.camera
com.orange.cobrandgo.launcher
com.google.android.onetimeinitializer
com.google.android.apps.mapslite
com.android.protips
android.auto_generated_rro__
com.mediatek.ygps
com.google.android.apps.navlite
com.adups.fota
com.android.partnerbrowsercustomizations.example
com.android.soundrecorder
com.mediatek.wfo.impl
com.android.vending
com.google.android.gm.lite
com.google.android.marvin.talkback
com.adups.privacypolicy
com.android.egg
com.mediatek.gpslocationupdate
com.google.android.apps.tachyon
com.sagereal.app.usermanual
com.google.android.apps.searchlite
com.facebook.services
com.google.android.music
com.google.android.apps.nbu.files
com.example
com.orange.update
com.google.android.calculator
com.android.chrome
com.google.android.tag
com.google.android.gmsintegration
com.android.calllogbackup
com.google.android.partnersetup
com.orange.phone
com.google.android.feedback
com.google.android.apps.photos
com.google.android.calendar
com.dyc.factorymode
com.swiftkey.swiftkeyconfigurator
com.facebook.katana
com.mediatek.callrecorder
com.google.android.apps.speechservices
com.android.providers.partnerbookmarks
com.facebook.system
com.mediatek.lbs.em2.ui
com.google.android.apps.assistant
com.android.bluetoothmidiservice
com.facebook.appmanager
com.android.traceur
com.mediatek.mtklogger
com.orange.aura.oobe
com.google.android.apps.restore
